2026-10-06 09:19:34 | [INFO   ] | Получены стороны: A=3, B=3, C=3
2026-10-06 09:19:34 | [INFO   ] | Тип треугольника: равносторонний
2026-10-06 09:19:34 | [INFO   ] | Координаты: [(5, 5), (95, 5), (50, 83)]
2026-10-06 09:19:34 | [INFO   ] | Запрос успешно обработан
2026-10-06 09:19:39 | [INFO   ] | Получены стороны: A=3, B=4, C=5
2026-10-06 09:19:39 | [INFO   ] | Тип треугольника: разносторонний
2026-10-06 09:19:39 | [INFO   ] | Координаты: [(5, 5), (72, 5), (5, 95)]
2026-10-06 09:19:39 | [INFO   ] | Запрос успешно обработан
2026-10-06 09:19:39 | [INFO   ] | Получены стороны: A=3, B=3, C=3
2026-10-06 09:19:39 | [INFO   ] | Тип треугольника: равносторонний
2026-10-06 09:19:39 | [INFO   ] | Координаты: [(5, 5), (95, 5), (50, 83)]
2026-10-06 09:19:39 | [INFO   ] | Запрос успешно обработан
2026-10-06 09:19:39 | [INFO   ] | Получены стороны: A=3, B=3, C=4
2026-10-06 09:19:39 | [INFO   ] | Тип треугольника: равнобедренный
2026-10-06 09:19:39 | [INFO   ] | Координаты: [(5, 5), (95, 5), (15, 94)]
2026-10-06 09:19:39 | [INFO   ] | Запрос успешно обработан
2026-10-06 09:19:39 | [INFO   ] | Получены стороны: A=-3, B=4, C=5
2026-10-06 09:19:39 | [WARNING] | Стороны должны быть положительными
2026-10-06 09:19:39 | [INFO   ] | Получены стороны: A=abc, B=4, C=5
2026-10-06 09:19:39 | [ERROR  ] | Введены нечисловые данные
2026-10-06 09:19:39 | [INFO   ] | Получены стороны: A=1, B=2, C=10
2026-10-06 09:19:39 | [WARNING] | Треугольник с такими сторонами не существует
2026-10-06 09:19:39 | [INFO   ] | Получены стороны: A=3, B=4, C=5
2026-10-06 09:19:39 | [INFO   ] | Тип треугольника: разносторонний
2026-10-06 09:19:39 | [INFO   ] | Координаты: [(5, 5), (72, 5), (5, 95)]
2026-10-06 09:19:39 | [INFO   ] | Запрос успешно обработан
2026-10-06 09:19:39 | [INFO   ] | Получены стороны: A=0, B=4, C=5
2026-10-06 09:19:39 | [WARNING] | Стороны должны быть положительными
2026-10-06 09:25:22 | [INFO   ] | Получены стороны: A=3, B=4, C=5
2026-10-06 09:25:22 | [INFO   ] | Тип треугольника: разносторонний
2026-10-06 09:25:22 | [INFO   ] | Координаты: [(5, 5), (72, 5), (5, 95)]
2026-10-06 09:25:22 | [INFO   ] | Запрос успешно обработан
2026-10-06 09:25:22 | [INFO   ] | Получены стороны: A=3, B=3, C=3
2026-10-06 09:25:22 | [INFO   ] | Тип треугольника: равносторонний
2026-10-06 09:25:22 | [INFO   ] | Координаты: [(5, 5), (95, 5), (50, 83)]
2026-10-06 09:25:22 | [INFO   ] | Запрос успешно обработан
2026-10-06 09:25:22 | [INFO   ] | Получены стороны: A=1, B=2, C=10
2026-10-06 09:25:22 | [WARNING] | Треугольник с такими сторонами не существует
2026-10-06 09:25:22 | [INFO   ] | Получены стороны: A=3, B=3, C=4
2026-10-06 09:25:22 | [INFO   ] | Тип треугольника: равнобедренный
2026-10-06 09:25:22 | [INFO   ] | Координаты: [(5, 5), (95, 5), (15, 94)]
2026-10-06 09:25:22 | [INFO   ] | Запрос успешно обработан
2026-10-06 09:25:22 | [INFO   ] | Получены стороны: A=-3, B=4, C=5
2026-10-06 09:25:22 | [WARNING] | Стороны должны быть положительными
2026-10-06 09:25:22 | [INFO   ] | Получены стороны: A=abc, B=4, C=5
2026-10-06 09:25:22 | [ERROR  ] | Введены нечисловые данные
2026-10-06 09:25:22 | [INFO   ] | Получены стороны: A=3, B=abc, C=5
2026-10-06 09:25:22 | [ERROR  ] | Введены нечисловые данные
2026-10-06 09:25:22 | [INFO   ] | Получены стороны: A=3, B=4, C=abc
2026-10-06 09:25:22 | [ERROR  ] | Введены нечисловые данные
2026-10-06 09:25:22 | [INFO   ] | Получены стороны: A=3, B=4, C=5
2026-10-06 09:25:22 | [INFO   ] | Тип треугольника: разносторонний
2026-10-06 09:25:22 | [INFO   ] | Координаты: [(5, 5), (72, 5), (5, 95)]
2026-10-06 09:25:22 | [INFO   ] | Запрос успешно обработан
2026-10-06 09:25:22 | [INFO   ] | Получены стороны: A=0, B=4, C=5
2026-10-06 09:25:22 | [WARNING] | Стороны должны быть положительными
2026-10-06 09:34:43 | [INFO   ] | Получены стороны: A=3, B=4, C=5
2026-10-06 09:34:43 | [INFO   ] | Тип треугольника: разносторонний
2026-10-06 09:34:43 | [INFO   ] | Координаты: [(5, 5), (72, 5), (5, 95)]
2026-10-06 09:34:43 | [INFO   ] | Запрос успешно обработан
2026-10-06 09:34:43 | [INFO   ] | Получены стороны: A=3, B=3, C=3
2026-10-06 09:34:43 | [INFO   ] | Тип треугольника: равносторонний
2026-10-06 09:34:43 | [INFO   ] | Координаты: [(5, 5), (95, 5), (50, 83)]
2026-10-06 09:34:43 | [INFO   ] | Запрос успешно обработан
2026-10-06 09:34:43 | [INFO   ] | Получены стороны: A=1, B=2, C=10
2026-10-06 09:34:43 | [WARNING] | Треугольник с такими сторонами не существует
2026-10-06 09:34:43 | [INFO   ] | Получены стороны: A=3, B=3, C=4
2026-10-06 09:34:43 | [INFO   ] | Тип треугольника: равнобедренный
2026-10-06 09:34:43 | [INFO   ] | Координаты: [(5, 5), (95, 5), (15, 94)]
2026-10-06 09:34:43 | [INFO   ] | Запрос успешно обработан
2026-10-06 09:34:43 | [INFO   ] | Получены стороны: A=-3, B=4, C=5
2026-10-06 09:34:43 | [WARNING] | Стороны должны быть положительными
2026-10-06 09:34:43 | [INFO   ] | Получены стороны: A=abc, B=4, C=5
2026-10-06 09:34:43 | [ERROR  ] | Введены нечисловые данные
2026-10-06 09:34:43 | [INFO   ] | Получены стороны: A=3, B=abc, C=5
2026-10-06 09:34:43 | [ERROR  ] | Введены нечисловые данные
2026-10-06 09:34:43 | [INFO   ] | Получены стороны: A=3, B=4, C=abc
2026-10-06 09:34:43 | [ERROR  ] | Введены нечисловые данные
2026-10-06 09:34:43 | [INFO   ] | Получены стороны: A=3, B=4, C=5
2026-10-06 09:34:43 | [INFO   ] | Тип треугольника: разносторонний
2026-10-06 09:34:43 | [INFO   ] | Координаты: [(5, 5), (72, 5), (5, 95)]
2026-10-06 09:34:43 | [INFO   ] | Запрос успешно обработан
2026-10-06 09:34:43 | [INFO   ] | Получены стороны: A=0, B=4, C=5
2026-10-06 09:34:43 | [WARNING] | Стороны должны быть положительными
2026-10-06 09:37:52 | [INFO   ] | Получены стороны: A=3, B=4, C=5
2026-10-06 09:37:52 | [INFO   ] | Тип треугольника: разносторонний
2026-10-06 09:37:52 | [INFO   ] | Координаты: [(5, 5), (72, 5), (5, 95)]
2026-10-06 09:37:52 | [INFO   ] | Запрос успешно обработан
2026-10-06 09:37:52 | [INFO   ] | Получены стороны: A=3, B=3, C=3
2026-10-06 09:37:52 | [INFO   ] | Тип треугольника: равносторонний
2026-10-06 09:37:52 | [INFO   ] | Координаты: [(5, 5), (95, 5), (50, 83)]
2026-10-06 09:37:52 | [INFO   ] | Запрос успешно обработан
2026-10-06 09:37:52 | [INFO   ] | Получены стороны: A=1, B=2, C=10
2026-10-06 09:37:52 | [WARNING] | Треугольник с такими сторонами не существует
2026-10-06 09:37:52 | [INFO   ] | Получены стороны: A=3, B=3, C=4
2026-10-06 09:37:52 | [INFO   ] | Тип треугольника: равнобедренный
2026-10-06 09:37:52 | [INFO   ] | Координаты: [(5, 5), (95, 5), (15, 94)]
2026-10-06 09:37:52 | [INFO   ] | Запрос успешно обработан
2026-10-06 09:37:52 | [INFO   ] | Получены стороны: A=-3, B=4, C=5
2026-10-06 09:37:52 | [WARNING] | Стороны должны быть положительными
2026-10-06 09:37:52 | [INFO   ] | Получены стороны: A=abc, B=4, C=5
2026-10-06 09:37:52 | [ERROR  ] | Введены нечисловые данные
2026-10-06 09:37:52 | [INFO   ] | Получены стороны: A=3, B=abc, C=5
2026-10-06 09:37:52 | [ERROR  ] | Введены нечисловые данные
2026-10-06 09:37:52 | [INFO   ] | Получены стороны: A=3, B=4, C=abc
2026-10-06 09:37:52 | [ERROR  ] | Введены нечисловые данные
2026-10-06 09:37:52 | [INFO   ] | Получены стороны: A=3, B=4, C=5
2026-10-06 09:37:52 | [INFO   ] | Тип треугольника: разносторонний
2026-10-06 09:37:52 | [INFO   ] | Координаты: [(5, 5), (72, 5), (5, 95)]
2026-10-06 09:37:52 | [INFO   ] | Запрос успешно обработан
2026-10-06 09:37:52 | [INFO   ] | Получены стороны: A=0, B=4, C=5
2026-10-06 09:37:52 | [WARNING] | Стороны должны быть положительными
2026-10-06 09:45:15 | [INFO   ] | Получены стороны: A=3, B=4, C=5
2026-10-06 09:45:15 | [INFO   ] | Тип треугольника: разносторонний
2026-10-06 09:45:15 | [INFO   ] | Координаты: [(5, 5), (72, 5), (5, 95)]
2026-10-06 09:45:15 | [INFO   ] | Запрос успешно обработан
2026-10-06 09:45:15 | [INFO   ] | Получены стороны: A=3, B=3, C=3
2026-10-06 09:45:15 | [INFO   ] | Тип треугольника: равносторонний
2026-10-06 09:45:15 | [INFO   ] | Координаты: [(5, 5), (95, 5), (50, 83)]
2026-10-06 09:45:15 | [INFO   ] | Запрос успешно обработан
2026-10-06 09:45:15 | [INFO   ] | Получены стороны: A=1, B=2, C=10
2026-10-06 09:45:15 | [WARNING] | Треугольник с такими сторонами не существует
2026-10-06 09:45:15 | [INFO   ] | Получены стороны: A=3, B=3, C=4
2026-10-06 09:45:15 | [INFO   ] | Тип треугольника: равнобедренный
2026-10-06 09:45:15 | [INFO   ] | Координаты: [(5, 5), (95, 5), (15, 94)]
2026-10-06 09:45:15 | [INFO   ] | Запрос успешно обработан
2026-10-06 09:45:15 | [INFO   ] | Получены стороны: A=-3, B=4, C=5
2026-10-06 09:45:15 | [WARNING] | Стороны должны быть положительными
2026-10-06 09:45:15 | [INFO   ] | Получены стороны: A=abc, B=4, C=5
2026-10-06 09:45:15 | [ERROR  ] | Введены нечисловые данные
2026-10-06 09:45:15 | [INFO   ] | Получены стороны: A=3, B=abc, C=5
2026-10-06 09:45:15 | [ERROR  ] | Введены нечисловые данные
2026-10-06 09:45:15 | [INFO   ] | Получены стороны: A=3, B=4, C=abc
2026-10-06 09:45:15 | [ERROR  ] | Введены нечисловые данные
2026-10-06 09:45:15 | [INFO   ] | Получены стороны: A=3, B=4, C=5
2026-10-06 09:45:15 | [INFO   ] | Тип треугольника: разносторонний
2026-10-06 09:45:15 | [INFO   ] | Координаты: [(5, 5), (72, 5), (5, 95)]
2026-10-06 09:45:15 | [INFO   ] | Запрос успешно обработан
2026-10-06 09:45:15 | [INFO   ] | Получены стороны: A=0, B=4, C=5
2026-10-06 09:45:15 | [WARNING] | Стороны должны быть положительными
